{
    "Should run without failures": {
        "content": [
            {
                "0": [
                    [
                        "sample.txt:md5,9f9f90dbe3e5ee1218c86b8839db1995"
                    ]
                ],
                "outfolder": [
                    [
                        "sample.txt:md5,9f9f90dbe3e5ee1218c86b8839db1995"
                    ]
                ]
            }
        ],
        "timestamp": "2023-10-04T12:19:55.945452"
    }
}