{
    "TEST_BIN_SCRIPT": {
        "content": [
            {
                "0": [
                    "test.txt:md5,d41d8cd98f00b204e9800998ecf8427e"
                ]
            }
        ],
        "meta": {
            "nf-test": "0.9.2",
            "nextflow": "24.10.3"
        },
        "timestamp": "2025-01-14T14:13:22.327004"
    }
}