{
    "TEST_CREATE_FILE": {
        "content": [
            {
                "0": [
                    "test.txt:md5,d8e8fca2dc0f896fd7cb4cb0031ba249"
                ],
                "outfile": [
                    "test.txt:md5,d8e8fca2dc0f896fd7cb4cb0031ba249"
                ]
            }
        ],
        "meta": {
            "nf-test": "0.8.4",
            "nextflow": "23.10.1"
        },
        "timestamp": "2024-04-18T17:19:44.512229"
    }
}