{
    "Should run without failures": {
        "content": [
            {
                "0": [
                    ""
                ]
            }
        ],
        "timestamp": "2023-10-04T12:00:49.001095"
    }
}