{
    "TEST_PUBLISH_FOLDER": {
        "content": [
            {
                "0": [
                    [
                        "test1.txt:md5,d41d8cd98f00b204e9800998ecf8427e",
                        "test2.txt:md5,d41d8cd98f00b204e9800998ecf8427e"
                    ]
                ]
            }
        ],
        "meta": {
            "nf-test": "0.8.4",
            "nextflow": "23.10.1"
        },
        "timestamp": "2024-04-18T17:19:30.136869"
    }
}