{
    "Should run without failures": {
        "content": [
            {
                "0": [
                    "alpha\n"
                ]
            }
        ],
        "timestamp": "2023-10-04T11:56:21.166077"
    }
}